{
    "Test paired end inputs": {
        "content": [
            [
                [
                    "ENCSR000COQ1",
                    [
                        "ENCSR000COQ1_R1.fastp.fastq.gz:md5,dc8939a37ac93f426d1309502f95c4d6",
                        "ENCSR000COQ1_R2.fastp.fastq.gz:md5,cf3baec2839ea0f36420e314d6ed143e"
                    ]
                ]
            ]
        ],
        "meta": {
            "nf-test": "0.9.2",
            "nextflow": "25.04.6"
        },
        "timestamp": "2025-08-25T02:18:09.818026"
    },
    "Test single end inputs": {
        "content": [
            [
                [
                    "ENCSR000COQ1",
                    "ENCSR000COQ1.fastp.fastq.gz:md5,49d498ed2f2b4f561d84bc0a3b72cf02"
                ]
            ]
        ],
        "meta": {
            "nf-test": "0.9.2",
            "nextflow": "25.04.6"
        },
        "timestamp": "2025-08-25T02:17:05.646137"
    }
}